    Blocking waiting for file lock on build directory
   Compiling map-types v0.1.0 (/home/donovan/w/CX2-w-x3c/crates/map-types)
   Compiling map-adapters v0.1.0 (/home/donovan/w/CX2-w-x3c/crates/map-adapters)
   Compiling map-canon v0.1.0 (/home/donovan/w/CX2-w-x3c/crates/map-canon)
   Compiling map-partition v0.1.0 (/home/donovan/w/CX2-w-x3c/crates/map-partition)
   Compiling map-compile v0.1.0 (/home/donovan/w/CX2-w-x3c/crates/map-compile)
warning: unused import: `Area`
 --> crates/map-compile/src/compile.rs:9:5
  |
9 |     Area, Border, CanonStore, EntityId, Feature, LayerKind, Leg, Provenance, Route, Snapshot,
  |     ^^^^
  |
  = note: `#[warn(unused_imports)]` (part of `#[warn(unused)]`) on by default

warning: unused import: `PolityRow`
  --> crates/map-compile/src/compile.rs:14:45
   |
14 | use crate::vendor::{EventRow, NarrativeRow, PolityRow};
   |                                             ^^^^^^^^^

warning: unused import: `PolityRow`
   --> crates/map-compile/src/tests.rs:101:49
    |
101 |     use crate::vendor::{EventRow, NarrativeRow, PolityRow};
    |                                                 ^^^^^^^^^

warning: `map-compile` (lib) generated 2 warnings (run `cargo fix --lib -p map-compile` to apply 2 suggestions)
warning: `map-compile` (lib test) generated 3 warnings (2 duplicates) (run `cargo fix --lib -p map-compile --tests` to apply 1 suggestion)
error[E0618]: expected function, found `Value`
   --> crates/map-compile/tests/survey_relations.rs:95:41
    |
 94 |         let evidence = evidence();
    |             -------- `evidence` has type `Value`
 95 |         let actual = relative_outcomes(&evidence());
    |                                         ^^^^^^^^--
    |                                         |
    |                                         call expression requires function
...
272 | fn evidence() -> Value {
    | ---------------------- this function of the same name is available here, but it's shadowed by the local binding

For more information about this error, try `rustc --explain E0618`.
error: could not compile `map-compile` (test "survey_relations") due to 1 previous error
warning: build failed, waiting for other jobs to finish...
