warning: unused import: `Area`
 --> crates/map-compile/src/compile.rs:9:5
  |
9 |     Area, Border, CanonStore, EntityId, Feature, LayerKind, Leg, Provenance, Route, Snapshot,
  |     ^^^^
  |
  = note: `#[warn(unused_imports)]` (part of `#[warn(unused)]`) on by default

warning: unused import: `PolityRow`
  --> crates/map-compile/src/compile.rs:14:45
   |
14 | use crate::vendor::{EventRow, NarrativeRow, PolityRow};
   |                                             ^^^^^^^^^

warning: `map-compile` (lib) generated 2 warnings (run `cargo fix --lib -p map-compile` to apply 2 suggestions)
   Compiling map-compile v0.1.0 (/home/donovan/w/CX2-w-x3c/crates/map-compile)
    Finished `test` profile [unoptimized + debuginfo] target(s) in 0.75s
     Running tests/survey_relations.rs (/home/donovan/mut/target/debug/deps/survey_relations-0629d78e2e597a82)

running 3 tests
test scripture_preserves_subject_target_and_destination_as_distinct_facts ... FAILED
test every_waypoint_has_typed_relations_with_resolvable_targets ... FAILED
test valid_reference_and_direction_mutations_cannot_pass_the_scripture_controls ... FAILED

failures:

---- scripture_preserves_subject_target_and_destination_as_distinct_facts stdout ----

thread 'scripture_preserves_subject_target_and_destination_as_distinct_facts' (1187000) panicked at crates/map-compile/tests/survey_relations.rs:33:9:
assertion `left == right` failed: the complete cited waypoint retains Scripture's grammatical attachment
  left: Object {"name": String("Janohah"), "relation": String("east_of"), "site": Object {"atlas": String("janoah-1")}, "verse": String("JOS.16.6")}
 right: Object {"name": String("Janohah"), "relations": Array [Object {"direction": String("unstated"), "kind": String("travel"), "target": Object {"part": String("site"), "reference": String("Janohah")}, "verb": String("unto")}, Object {"kind": String("position"), "predicate": String("east_of"), "subject": Object {"kind": String("border")}, "target": Object {"part": String("site"), "reference": String("Taanath-shiloh")}}], "site": Object {"atlas": String("janoah-1")}, "verse": String("JOS.16.6")}
note: run with `RUST_BACKTRACE=1` environment variable to display a backtrace

---- every_waypoint_has_typed_relations_with_resolvable_targets stdout ----

thread 'every_waypoint_has_typed_relations_with_resolvable_targets' (1186999) panicked at crates/map-compile/tests/survey_relations.rs:16:22:
each waypoint has the closed relation vocabulary: Error("unknown field `relation`, expected one of `name`, `verse`, `site`, `relations`", line: 0, column: 0)

---- valid_reference_and_direction_mutations_cannot_pass_the_scripture_controls stdout ----
proptest: FileFailurePersistence::SourceParallel set, but failed to find lib.rs or main.rs

thread 'valid_reference_and_direction_mutations_cannot_pass_the_scripture_controls' (1187001) panicked at crates/map-compile/tests/survey_relations.rs:37:1:
Test failed: assertion failed: `(left == right)` 
  left: `Object {"name": String("Janohah"), "relation": String("east_of"), "site": Object {"atlas": String("janoah-1")}, "verse": String("JOS.16.6")}`, 
 right: `Object {"name": String("Janohah"), "relations": Array [Object {"direction": String("unstated"), "kind": String("travel"), "target": Object {"part": String("site"), "reference": String("Janohah")}, "verb": String("unto")}, Object {"kind": String("position"), "predicate": String("east_of"), "subject": Object {"kind": String("border")}, "target": Object {"part": String("site"), "reference": String("Taanath-shiloh")}}], "site": Object {"atlas": String("janoah-1")}, "verse": String("JOS.16.6")}`: the unmodified cited waypoint matches the complete Scripture control at crates/map-compile/tests/survey_relations.rs:47.
minimal failing input: index = 0, mutation = Subject
	successes: 0
	local rejects: 0
	global rejects: 0



failures:
    every_waypoint_has_typed_relations_with_resolvable_targets
    scripture_preserves_subject_target_and_destination_as_distinct_facts
    valid_reference_and_direction_mutations_cannot_pass_the_scripture_controls

test result: FAILED. 0 passed; 3 failed; 0 ignored; 0 measured; 0 filtered out; finished in 0.11s

error: test failed, to rerun pass `-p map-compile --test survey_relations`
