    Checking libc v0.2.190
    Checking typenum v1.20.1
   Compiling proc-macro2 v1.0.107
    Checking getrandom v0.3.4
    Checking generic-array v0.14.7
    Checking serde_core v1.0.229
    Checking atlas-graph-types v0.7.0 (https://github.com/donovansmith44/your-word-is-truth-interactive-atlas?rev=e49593567e05bf61210a842b68ef85bb6c75514e#e4959356)
    Checking map-types v0.1.0 (/home/donovan/w/CX2-w-x3c/crates/map-types)
    Checking rand_core v0.9.5
   Compiling quote v1.0.47
    Checking memchr v2.8.3
   Compiling syn v3.0.6
    Checking serde_json v1.0.151
    Checking zerocopy v0.8.62
    Checking crypto-common v0.1.7
    Checking block-buffer v0.10.4
    Checking unicode-ident v1.0.26
    Checking digest v0.10.7
   Compiling serde_derive v1.0.229
    Checking ppv-lite86 v0.2.21
    Checking cpufeatures v0.2.17
    Checking sha2 v0.10.9
    Checking rand_chacha v0.9.0
    Checking map-adapters v0.1.0 (/home/donovan/w/CX2-w-x3c/crates/map-adapters)
    Checking map-canon v0.1.0 (/home/donovan/w/CX2-w-x3c/crates/map-canon)
    Checking serde v1.0.229
    Checking map-partition v0.1.0 (/home/donovan/w/CX2-w-x3c/crates/map-partition)
    Checking rand v0.9.5
    Checking rand_xorshift v0.4.0
    Checking bitflags v2.13.2
    Checking syn v2.0.119
    Checking proptest v1.11.0
    Checking map-compile v0.1.0 (/home/donovan/w/CX2-w-x3c/crates/map-compile)
warning: unused import: `Area`
 --> crates/map-compile/src/compile.rs:9:5
  |
9 |     Area, Border, CanonStore, EntityId, Feature, LayerKind, Leg, Provenance, Route, Snapshot,
  |     ^^^^
  |
  = note: `#[warn(unused_imports)]` (part of `#[warn(unused)]`) on by default

warning: unused import: `PolityRow`
  --> crates/map-compile/src/compile.rs:14:45
   |
14 | use crate::vendor::{EventRow, NarrativeRow, PolityRow};
   |                                             ^^^^^^^^^

warning: unused import: `PolityRow`
   --> crates/map-compile/src/tests.rs:101:49
    |
101 |     use crate::vendor::{EventRow, NarrativeRow, PolityRow};
    |                                                 ^^^^^^^^^

warning: `map-compile` (lib) generated 2 warnings (run `cargo fix --lib -p map-compile` to apply 2 suggestions)
warning: `map-compile` (lib test) generated 3 warnings (2 duplicates) (run `cargo fix --lib -p map-compile --tests` to apply 1 suggestion)
error[E0425]: cannot find function `promised_land_timeline` in crate `map_adapters`
   --> crates/map-compile/tests/exclusion_content.rs:254:42
    |
254 |         let mut timeline = map_adapters::promised_land_timeline();
    |                                          ^^^^^^^^^^^^^^^^^^^^^^ not found in `map_adapters`

For more information about this error, try `rustc --explain E0425`.
error: could not compile `map-compile` (test "exclusion_content") due to 1 previous error
