1200378 openat(AT_FDCWD, "/etc/ld.so.cache", O_RDONLY|O_CLOEXEC) = 3
1200378 openat(AT_FDCWD, "/lib/x86_64-linux-gnu/libgcc_s.so.1", O_RDONLY|O_CLOEXEC) = 3
1200378 openat(AT_FDCWD, "/lib/x86_64-linux-gnu/libm.so.6", O_RDONLY|O_CLOEXEC) = 3
1200378 openat(AT_FDCWD, "/lib/x86_64-linux-gnu/libc.so.6", O_RDONLY|O_CLOEXEC) = 3
1200378 openat(AT_FDCWD, "/proc/self/maps", O_RDONLY|O_CLOEXEC) = 3
1200378 openat(AT_FDCWD, "data", O_RDONLY|O_NONBLOCK|O_CLOEXEC|O_DIRECTORY) = 3
1200378 openat(AT_FDCWD, "data/openbible", O_RDONLY|O_NONBLOCK|O_CLOEXEC|O_DIRECTORY) = 4
1200378 openat(AT_FDCWD, "data/openbible/settlements.geojson", O_RDONLY|O_CLOEXEC) = 5
1200378 openat(AT_FDCWD, "data/terrain", O_RDONLY|O_NONBLOCK|O_CLOEXEC|O_DIRECTORY) = 4
1200378 openat(AT_FDCWD, "data/atlas-exports", O_RDONLY|O_NONBLOCK|O_CLOEXEC|O_DIRECTORY) = 4
1200378 openat(AT_FDCWD, "data/authored", O_RDONLY|O_NONBLOCK|O_CLOEXEC|O_DIRECTORY) = 4
1200378 openat(AT_FDCWD, "data/atlas-vendor", O_RDONLY|O_NONBLOCK|O_CLOEXEC|O_DIRECTORY) = 4
1200378 openat(AT_FDCWD, "data/natural-earth", O_RDONLY|O_NONBLOCK|O_CLOEXEC|O_DIRECTORY) = 4
1200378 openat(AT_FDCWD, "data/natural-earth/ne_50m_lakes.geojson", O_RDONLY|O_CLOEXEC) = 5
1200378 openat(AT_FDCWD, "data/natural-earth/ne_110m_land.geojson", O_RDONLY|O_CLOEXEC) = 5
1200378 openat(AT_FDCWD, "data/natural-earth/ne_10m_ocean.geojson", O_RDONLY|O_CLOEXEC) = 5
1200378 openat(AT_FDCWD, "data/natural-earth/ne_10m_rivers_lake_centerlines.geojson", O_RDONLY|O_CLOEXEC) = 5
1200378 openat(AT_FDCWD, "data/natural-earth/ne_10m_land.geojson", O_RDONLY|O_CLOEXEC) = 5
1200378 openat(AT_FDCWD, "data/natural-earth/med_clip.geojson", O_RDONLY|O_CLOEXEC) = 5
1200378 openat(AT_FDCWD, "data/natural-earth/ne_110m_lakes.geojson", O_RDONLY|O_CLOEXEC) = 5
1200378 openat(AT_FDCWD, "data/natural-earth/ne_110m_ocean.geojson", O_RDONLY|O_CLOEXEC) = 5
1200378 openat(AT_FDCWD, "data/natural-earth/ne_10m_lakes.geojson", O_RDONLY|O_CLOEXEC) = 5
1200378 openat(AT_FDCWD, "data/natural-earth/ne_50m_land.geojson", O_RDONLY|O_CLOEXEC) = 5
1200378 openat(AT_FDCWD, "data/atlas-vendor/polities.json", O_RDONLY|O_CLOEXEC) = 3
1200378 openat(AT_FDCWD, "data/atlas-vendor/narratives.json", O_RDONLY|O_CLOEXEC) = 3
1200378 openat(AT_FDCWD, "data/atlas-vendor/events.json", O_RDONLY|O_CLOEXEC) = 3
1200378 openat(AT_FDCWD, "data/atlas-exports/gazetteer.json", O_RDONLY|O_CLOEXEC) = 3
1200378 openat(AT_FDCWD, "data/atlas-exports/chronology.json", O_RDONLY|O_CLOEXEC) = 3
1200378 openat(AT_FDCWD, "data/authored/reconcile.json", O_RDONLY|O_CLOEXEC) = 3
1200378 openat(AT_FDCWD, "data/authored/registry.json", O_RDONLY|O_CLOEXEC) = 3
1200378 openat(AT_FDCWD, "data/natural-earth/ne_10m_rivers_lake_centerlines.geojson", O_RDONLY|O_CLOEXEC) = 3
1200378 openat(AT_FDCWD, "data/natural-earth/ne_110m_ocean.geojson", O_RDONLY|O_CLOEXEC) = 3
1200378 openat(AT_FDCWD, "data/natural-earth/ne_10m_lakes.geojson", O_RDONLY|O_CLOEXEC) = 3
1200378 openat(AT_FDCWD, "data/natural-earth/ne_10m_land.geojson", O_RDONLY|O_CLOEXEC) = 3
1200378 openat(AT_FDCWD, "data/atlas-vendor/eras.json", O_RDONLY|O_CLOEXEC) = 3
1200378 openat(AT_FDCWD, "data", O_RDONLY|O_NONBLOCK|O_CLOEXEC|O_DIRECTORY) = 3
1200378 openat(AT_FDCWD, "data/openbible", O_RDONLY|O_NONBLOCK|O_CLOEXEC|O_DIRECTORY) = 4
1200378 openat(AT_FDCWD, "data/openbible/settlements.geojson", O_RDONLY|O_CLOEXEC) = 5
1200378 openat(AT_FDCWD, "data/terrain", O_RDONLY|O_NONBLOCK|O_CLOEXEC|O_DIRECTORY) = 4
1200378 openat(AT_FDCWD, "data/atlas-exports", O_RDONLY|O_NONBLOCK|O_CLOEXEC|O_DIRECTORY) = 4
1200378 openat(AT_FDCWD, "data/authored", O_RDONLY|O_NONBLOCK|O_CLOEXEC|O_DIRECTORY) = 4
1200378 openat(AT_FDCWD, "data/atlas-vendor", O_RDONLY|O_NONBLOCK|O_CLOEXEC|O_DIRECTORY) = 4
1200378 openat(AT_FDCWD, "data/natural-earth", O_RDONLY|O_NONBLOCK|O_CLOEXEC|O_DIRECTORY) = 4
1200378 openat(AT_FDCWD, "data/natural-earth/ne_50m_lakes.geojson", O_RDONLY|O_CLOEXEC) = 5
1200378 openat(AT_FDCWD, "data/natural-earth/ne_110m_land.geojson", O_RDONLY|O_CLOEXEC) = 5
1200378 openat(AT_FDCWD, "data/natural-earth/ne_10m_ocean.geojson", O_RDONLY|O_CLOEXEC) = 5
1200378 openat(AT_FDCWD, "data/natural-earth/ne_10m_rivers_lake_centerlines.geojson", O_RDONLY|O_CLOEXEC) = 5
1200378 openat(AT_FDCWD, "data/natural-earth/ne_10m_land.geojson", O_RDONLY|O_CLOEXEC) = 5
1200378 openat(AT_FDCWD, "data/natural-earth/med_clip.geojson", O_RDONLY|O_CLOEXEC) = 5
1200378 openat(AT_FDCWD, "data/natural-earth/ne_110m_lakes.geojson", O_RDONLY|O_CLOEXEC) = 5
1200378 openat(AT_FDCWD, "data/natural-earth/ne_110m_ocean.geojson", O_RDONLY|O_CLOEXEC) = 5
1200378 openat(AT_FDCWD, "data/natural-earth/ne_10m_lakes.geojson", O_RDONLY|O_CLOEXEC) = 5
1200378 openat(AT_FDCWD, "data/natural-earth/ne_50m_land.geojson", O_RDONLY|O_CLOEXEC) = 5
1200378 openat(AT_FDCWD, "data/natural-earth/med_clip.geojson", O_RDONLY|O_CLOEXEC) = 3
1200378 openat(AT_FDCWD, "data/natural-earth/ne_10m_lakes.geojson", O_RDONLY|O_CLOEXEC) = 3
1200378 openat(AT_FDCWD, "data/natural-earth/ne_10m_rivers_lake_centerlines.geojson", O_RDONLY|O_CLOEXEC) = 3
1200378 openat(AT_FDCWD, "data/atlas-vendor/names.json", O_RDONLY|O_CLOEXEC) = 3
1200378 openat(AT_FDCWD, "data/openbible/settlements.geojson", O_RDONLY|O_CLOEXEC) = 3
1200378 openat(AT_FDCWD, "data/terrain/etopo_15min.bin", O_RDONLY|O_CLOEXEC) = 3
1200378 openat(AT_FDCWD, "/tmp/maps-x2-current-build.sgNs2P/canon/reconciliation-report.md", O_WRONLY|O_CREAT|O_TRUNC|O_CLOEXEC, 0666) = 3
1200378 +++ exited with 1 +++
