node:internal/modules/cjs/loader:1568
  throw err;
  ^

Error: Cannot find module 'playwright-core'
Require stack:
- /home/donovan/w/CX2-w-x2/crates/map-viewer/tests/golden.js
    at Module._resolveFilename (node:internal/modules/cjs/loader:1564:15)
    at wrapResolveFilename (node:internal/modules/cjs/loader:1118:27)
    at resolveForCJSWithHooks (node:internal/modules/cjs/loader:1169:12)
    at require.resolve (node:internal/modules/helpers:175:31)
    at Object.<anonymous> (/home/donovan/w/CX2-w-x2/crates/map-viewer/tests/golden.js:83:38)
    at Module._compile (node:internal/modules/cjs/loader:1929:14)
    at Object..js (node:internal/modules/cjs/loader:2060:10)
    at Module.load (node:internal/modules/cjs/loader:1651:32)
    at Module._load (node:internal/modules/cjs/loader:1443:12)
    at wrapModuleLoad (node:internal/modules/cjs/loader:261:19) {
  code: 'MODULE_NOT_FOUND',
  requireStack: [ '/home/donovan/w/CX2-w-x2/crates/map-viewer/tests/golden.js' ]
}

Node.js v24.21.0
