    Blocking waiting for file lock on build directory
warning: unused import: `Area`
 --> crates/map-compile/src/compile.rs:9:5
  |
9 |     Area, Border, CanonStore, EntityId, Feature, LayerKind, Leg, Provenance, Route, Snapshot,
  |     ^^^^
  |
  = note: `#[warn(unused_imports)]` (part of `#[warn(unused)]`) on by default

warning: unused import: `PolityRow`
  --> crates/map-compile/src/compile.rs:14:45
   |
14 | use crate::vendor::{EventRow, NarrativeRow, PolityRow};
   |                                             ^^^^^^^^^

warning: `map-compile` (lib) generated 2 warnings (run `cargo fix --lib -p map-compile` to apply 2 suggestions)
   Compiling map-compile v0.1.0 (/home/donovan/w/CX2-w-x0b/crates/map-compile)
warning: unused import: `PolityRow`
   --> crates/map-compile/src/tests.rs:101:49
    |
101 |     use crate::vendor::{EventRow, NarrativeRow, PolityRow};
    |                                                 ^^^^^^^^^

   Compiling map-canon v0.1.0 (/home/donovan/w/CX2-w-x0b/crates/map-canon)
warning: `map-compile` (lib test) generated 3 warnings (2 duplicates) (run `cargo fix --lib -p map-compile --tests` to apply 1 suggestion)
   Compiling map-adapters v0.1.0 (/home/donovan/w/CX2-w-x0b/crates/map-adapters)
    Finished `test` profile [unoptimized + debuginfo] target(s) in 39.82s
     Running unittests src/lib.rs (/home/donovan/mut/target/debug/deps/map_adapters-be4d2e3bde86d0a5)

running 16 tests
test tests::epoch_labels_parse ... ok
test tests::fidelity_and_arc_sharing_on_fixture ... ok
test tests::epoch_differences_are_narrated ... ok
test tests::ring_cleaning_normalizes ... ok
test tests::pre_anchor_epochs_are_excluded_with_exemption ... ok
test tests::snap_closes_near_miss_borders ... ok
test tests::journeys_cover_the_whole_bible ... ok
test tests::routes_wear_the_way_character ... ok
test tests::unnamed_features_are_counted_not_silently_dropped ... ok
test tests::promised_land_survey_is_lawful_alone_and_merged ... ok
test tests::terrain_contours_close_and_ingest_lawfully ... ok
test tests::waters_are_explorable_regions ... ok
test tests::atlas_exports_bind_the_scripture_set ... ok
test tests::chronology_audit_reports_disagreements ... ok
test tests::terrain_real_grid_smoke ... ok
test tests::real_source_ingests_lawfully ... ok

test result: ok. 16 passed; 0 failed; 0 ignored; 0 measured; 0 filtered out; finished in 1.17s

     Running unittests src/lib.rs (/home/donovan/mut/target/debug/deps/map_canon-fcb4dba9f2f392a0)

running 30 tests
test persist::round_trip_tests::layer_name_and_layer_from_round_trip_every_kind ... ok
test tests::borders_are_content_addressed_and_deduped ... ok
test tests::dangling_borders_are_named ... ok
test tests::census_diff_is_empty_against_itself_and_names_every_real_change ... ok
test tests::declare_refuses_self_unification_and_silent_redeclaration ... ok
test tests::canon_roundtrips_deterministically ... ok
test tests::every_witness_names_the_terms_its_data_is_available_under ... ok
test tests::every_witness_says_whether_scripture_stands_behind_it ... ok
test tests::frame_edge_refuses_undeclared_endurance ... ok
test tests::kind_conflict_between_two_witnesses_is_reported ... ok
test tests::moments_are_timestamp_granular_and_derive_order ... ok
test tests::observing_the_same_minted_id_twice_records_same_id ... ok
test tests::one_world_state_per_instant ... ok
test tests::overlap_is_only_a_crime_within_territory_at_one_moment ... ok
test tests::overlapping_territories_fail_loud ... ok
test tests::presence_defaults_to_always_standing ... ok
test tests::presence_is_constant_within_every_derived_era ... ok
test tests::presence_refuses_overlapping_standings ... ok
test tests::presence_spans_are_right_open_and_derive_eras ... ok
test tests::references_are_closed_or_named ... ok
test tests::route_legs_carry_ordered_spans ... ok
test tests::slug_equality_alone_never_unifies_anything ... ok
test tests::slivers_are_tolerated_deep_overlaps_are_not ... ok
test tests::snapshots_are_sets_with_stable_identity ... ok
test tests::the_census_is_total_and_sorted ... ok
test tests::the_registry_resolves_totally_in_one_hop_and_refuses_chains ... ok
test tests::the_share_alike_origins_are_named_not_inferred ... ok
test tests::validate_reports_every_violation_not_just_the_first ... ok
test tests::touching_is_not_overlap_but_containment_is ... ok
test tests::witnesses_sort_by_witness_then_layer_then_minted_id_and_names_sort_deduped ... ok

test result: ok. 30 passed; 0 failed; 0 ignored; 0 measured; 0 filtered out; finished in 0.00s

     Running unittests src/lib.rs (/home/donovan/mut/target/debug/deps/map_compile-a083e3028a8e7072)

running 18 tests
test tests::a_cohort_enters_time_at_its_moment ... ok
test tests::compile_laws::unresolvable_places_fail_loud ... ok
test tests::compile_laws::polity_eras_become_territory_moments ... ok
test tests::events_parse_with_time_places_verses ... ok
test tests::one_entity_per_era_however_many_witnesses_claimed_it ... ok
test tests::narratives_parse_with_ordered_legs ... ok
test tests::reconcile_laws::authored_routes_require_reconciliation_rows ... ok
test tests::eras_landmarks_landmask_parse ... ok
test tests::reconcile_laws::supersessions_must_resolve ... ok
test tests::shape_drift_is_a_named_error ... ok
test tests::the_compile_refuses_a_registry_no_witness_backs ... ok
test tests::the_registry_file_declares_every_unification_and_nothing_else ... ok
test tests::waiver_laws::territory_waivers_parse_and_match ... ok
test tests::polities_parse_typed_and_sane ... ok
test tests::vendor_writes_are_deterministic_and_pinned ... ok
test tests::compile_laws::narratives_become_routes_with_dated_legs ... ok
test tests::bridge_laws::old_regions_become_layer_areas_with_moments ... ok
test tests::physical_partition_face_census ... ok

test result: ok. 18 passed; 0 failed; 0 ignored; 0 measured; 0 filtered out; finished in 13.03s

     Running unittests src/main.rs (/home/donovan/mut/target/debug/deps/map_compile-31a220843b4a13cc)

running 0 tests

test result: ok. 0 passed; 0 failed; 0 ignored; 0 measured; 0 filtered out; finished in 0.00s

     Running tests/excluded_bytes.rs (/home/donovan/mut/target/debug/deps/excluded_bytes-bd6ba50d23302048)

running 1 test
test excluded_lineage_has_no_compiled_plate_or_vendored_descendants ... ok

test result: ok. 1 passed; 0 failed; 0 ignored; 0 measured; 0 filtered out; finished in 0.00s

     Running tests/excluded_lineage.rs (/home/donovan/mut/target/debug/deps/excluded_lineage-64396f97d98073dc)

running 3 tests
test excluded_lineage_is_removed_from_partition_provenance ... ok
test excluded_lineage_never_enters_the_scripture_timeline ... ok
test excluded_lineage_never_enters_the_partition ... ok

test result: ok. 3 passed; 0 failed; 0 ignored; 0 measured; 0 filtered out; finished in 13.09s

     Running tests/exclusion_content.rs (/home/donovan/mut/target/debug/deps/exclusion_content-3bf6b99c24ecf8cc)

running 8 tests
test restoration_probe_child ... ignored
test permitted_controls_survive_with_biblical_names ... ok
test restored_judah_is_refused_through_another_polity_input ... ok
test excluded_content_split_across_input_files_is_refused ... ok
test every_excluded_original_is_bound_to_its_content ... ok
test restored_med_input_is_refused ... ok
test renamed_split_and_indirect_descendants_keep_the_excluded_content ... ok
test permitted_replacements_survive_the_real_input_door ... ok

test result: ok. 7 passed; 0 failed; 1 ignored; 0 measured; 0 filtered out; finished in 13.56s

   Doc-tests map_adapters

running 0 tests

test result: ok. 0 passed; 0 failed; 0 ignored; 0 measured; 0 filtered out; finished in 0.00s

   Doc-tests map_canon

running 0 tests

test result: ok. 0 passed; 0 failed; 0 ignored; 0 measured; 0 filtered out; finished in 0.00s

   Doc-tests map_compile

running 0 tests

test result: ok. 0 passed; 0 failed; 0 ignored; 0 measured; 0 filtered out; finished in 0.00s

