    Blocking waiting for file lock on build directory
warning: unused import: `Area`
 --> crates/map-compile/src/compile.rs:9:5
  |
9 |     Area, Border, CanonStore, EntityId, Feature, LayerKind, Leg, Provenance, Route, Snapshot,
  |     ^^^^
  |
  = note: `#[warn(unused_imports)]` (part of `#[warn(unused)]`) on by default

warning: unused import: `PolityRow`
  --> crates/map-compile/src/compile.rs:14:45
   |
14 | use crate::vendor::{EventRow, NarrativeRow, PolityRow};
   |                                             ^^^^^^^^^

warning: `map-compile` (lib) generated 2 warnings (run `cargo fix --lib -p map-compile` to apply 2 suggestions)
   Compiling map-compile v0.1.0 (/home/donovan/w/CX2-w-x0b/crates/map-compile)
    Finished `test` profile [unoptimized + debuginfo] target(s) in 29.26s
     Running tests/exclusion_content.rs (/home/donovan/mut/target/debug/deps/exclusion_content-3bf6b99c24ecf8cc)

running 8 tests
test restoration_probe_child ... ignored
test restored_med_input_is_refused ... ok
test permitted_controls_survive_with_biblical_names ... ok
test restored_judah_is_refused_through_another_polity_input ... ok
test excluded_content_split_across_input_files_is_refused ... ok
test every_excluded_original_is_bound_to_its_content ... ok
test renamed_split_and_indirect_descendants_keep_the_excluded_content ... ok
test permitted_replacements_survive_the_real_input_door ... ok

test result: ok. 7 passed; 0 failed; 1 ignored; 0 measured; 0 filtered out; finished in 13.15s

